1-x520.com
10fonbet.ru
1877helpline.com
1bet1xsports.com
1sx521.com
1sx522.com
1x-all-sport.com
1x-sport-bk2.com
1x-sport-bk3.com
1x-sport-bk7.com
1x-turkey3.com
1x1515.com
1x1521.com
1x1523.com
1xbe5.com
1xbel.com
1xspkrt.com
1xspoort.com
1xspot.com
1xwport.com
520-1xbk.com
604ka.ru
720kinogo.net
89037221170.ru
8torrent.net
agrosmart.com.ua
alcohol.spb.ru
applezcall.com
azehosting-servers.net
beatmp3ru.ru
bellaluxz.com
best-muzom.ru
bestmuzon.cc
bet1-x4.com
betcity-zerkalo16.ru
betcity-zerkalo17.ru
betcity-zerkalo18.ru
betcity-zerkalo19.ru
betcity-zerkalo20.ru
betx4347.com
bk-fonbet34.ru
bk-fonbet35.ru
bk-fonbet36.ru
bk1x-520.com
bk1x520.com
bkleon1.su
bkleon3.ru
bkleon4.ru
bkleon5.ru
bkr03.ru
bkr04.ru
bkr05.ru
bkr06.ru
bkr07.ru
bkr08.ru
bkr09.ru
bkr10.ru
bkwndbt11.com
blatznak.ru
bob24-biz.cf
bolnichniy78.ru
bonuspls2.ru
bosyava.ru
brokebookmovieclub.com
bukanova-alla.com
bxbetbet.com
cdn-x.ru
cleardevgroup.com
copytor.ru
dastko.com
denticulately.com
devkinomera.ru
dipl-krasnoyarsk1.ru
diplom-196.ru
doikiporno.ru
dostup-zerkalo.ru
dvigatelya-remont.ru
eezx.ru
eighbour11.com
eucloud101.net
fast-smtp.ru
filmario.net
fonbet-41ece.tk
fonbet-d3659.tk
fonbet59.com
fonbet69.com
fonbet70.com
fonbet72.com
fonbet75.com
fonbet78.com
fonbet79.com
fonbet80.com
fonbet82.com
fonbet83.com
fonbet84.com
fonbet85.com
fonbet86.com
fonbetrus.ru
fonbetsportrus.ru
gdz-otlichnik.ru
gdzok.ru
goldbukmeker3.ru
greencherryz.com
hd-kinogo.ru
hdrezke.net
hentailust.tv
heronfabiosantos63.com.br
histerial.com
iiibet.ru
iilliii.ru
islamumma.net
joycasino79.ru
kinobomz.tv
kinofestival.net
kinogo-film.ru
kinogo-hdonline.net
kinogo-net-hd.ru
kinogo-online.tv
kinogo-z720.ru
kinogo.im
kinogofilm.tk
kinogohd1080.net
kinogotv.ru
kinokrad720.ru
kinokrada-net.ru
kinoprofi.uz
kinoprofi2.net
kinozz.tv
kupit-ekstazi.tk
kuplu2ndflkazan.com
leonbets1.su
leonbets4a.ru
leonbets5a.ru
leonbets7a.ru
lleonbets6a.ru
lliii.ru
lukybitez.biz
mangosalads.com
matchar.tk
matchf1.tk
matchf2.tk
matchns.tk
matchor.tk
matchpr.tk
megaoffer.net
miraxanet.com
mixskilled.com
mkcontocontigo.com.br
moshennichestvu.net
mostbet-otzyvy4.ru
mrsaul.cf
muqawamah.net
mybrandserver.com
mybukmeker-otzyvy3.ru
newsviaje10.com.br
nptrans.com.br
olimpblock.com
pmptrainingnow.com
pokerdom2018.su
portalmetaeducacao.com.br
porto2013.com.br
pro-bukmeker5.ru
pro-mostbettop-info4.ru
prokinozal.ru
prostitutki-p.com
psn-pirate.com
rabota77wow.ru
rabota7wow.ru
rmeventos2.com.br
rollingscan.biz
roscompozor.ru
rpet-mo.ru
rutor-info.org.ru
rutor-torrent.tk
rutor-torrents.ru
rutor.com.ru
salescoupon.net
sekis72.ru
serialhit.tv
sffs992.com
shamarc.ms
smotret-kinogo.ru
sos72.ru
sp1040.com
sp1051.com
spbdpl.ru
sport-1x-bet.com
sporting1122.com
sportsxbet9.com
starba-biz.cf
stillpokets.com
sx1530.com
syssarcosis.com
tabletmovie.cf
tbmania.ru
themoviebay.ru
tobaccoservice24.ru
torrentsget.net
tpl-designer.ru
v.ua
vakivus.ru
vip4354.com
voda02.ru
vozrog.ru
vr-nn.ru
vsepropoker2.ru
web-films.su
windgoldbk.com
winsignia.com
wndbt.com
wndbtbk10.com
x-hobby.ru
xbetbetx.com
xbetxbetbet12.com
xn----8sbggeqngn1afmljmn6l.xn--p1ai
zerkalo-rutor.su
zodiaccasno.com
