011019azino777.ru
011118azino777.com
01112018azino777.com
01122018azino777.ru
02042019azino777.com
020819azino777.ru
04022019azino777.ru
050219azino777.com
050319azino777.ru
050419azino777.com
05052019azino777.com
05062019azino777.ru
050719azino777.com
050819azino777.com
05082019azino777.com
051118azino777.com
060419azino777.com
070119azino777.ru
07042019azino777.com
07062019azino777.ru
07092019azino777.com
071018azino777.com
071118azino777.ru
07azino777.com
080219azino777.ru
08052019azino777.com
080819azino777.ru
081218azino777.ru
09032019azino777.com
09042019azino777.ru
091018azino777.ru
091118azino777.com
100-kasino.ru
10012019azino777.ru
10082019azino777.com
101018azino777.ru
10102018azino777.com
101118azino777.ru
101bezdep-bonus.com
11022019azino777.ru
11072019azino777.ru
111118azino777.ru
11112018azino777.ru
111topwin.com
113topwin.com
115joycasino.com
117joycasino.com
120119azino777.ru
120319azino777.ru
12042019azino777.com
12052019azino777.ru
1239joycasino.com
1244joycasino.com
1260joycasino.com
1265joycasino.com
1266joycasino.com
1270joycasino.com
1282joycasino.com
1287joycasino.com
130119azino777.com
130119azino777.ru
13012019azino777.ru
130419azino777.com
130519azino777.com
130719azino777.com
130918azino777.com
13092019azino777.ru
132joycasino.com
140319azino777.com
14102018azino777.com
15012019azino777.ru
150319azino777.ru
15062019azino777.ru
15082019azino777.com
152joycasino.com
15xcasino.com
160918azino777.com
161joycasino.com
17042019azino777.com
17052019azino777.ru
170619azino777.ru
170719azino777.com
170919azino777.ru
170joycasino.com
171018azino777.com
171118azino777.com
177joycasino.com
180319azino777.com
18042019azino777.com
18062019azino777.com
180719azino777.com
180818azino777.com
18102018azino777.com
181218azino777.ru
18zvidfjmst.com
190319azino777.ru
19042019azino777.com
19042019azino777.ru
190619azino777.ru
1asrzafmr9mb.com
1bazis.ru
1betsxolx.ru
1betwin.ru
1btu.ru
1btv.ru
1casinofrank.ru
1dq2ia6mst.com
1grand-cazino.com
1kasino-x.ru
1pinupcasinoss.com
1slotsvulkanneon.com
1top-bukmeker.ru
1vavadacasino.com
1win-site.azurewebsites.net
1win-stavka.com
1winf.com
1witt.com
1wulkanmillion.com
1x-bet00430.com
1x-bet09024.com
1x-bet30814.com
1x-bet31082.com
1x-bet33898.com
1x-bet34499.com
1x-bet44122.com
1x-bet47640.com
1x-bet64501.com
1x-bet67868.com
1x-bet77756.com
1x-bet79005.com
1x-bet82596.com
1x-bet83692.com
1x-bet93706.com
1x-faraon.com
1x24x7.com
1xbahis21.com
1xbahis32.com
1xbahisevco.com
1xbet-bookmaker.org
1xbet-official-site.com
1xbet-zerkalo-top.com
1xbet66.com
1xbetmn9.com
1xhoya.net
1xinfo12.ru
1xinfo4.ru
1xinfo41.ru
1xinfo42.ru
1xirsp14.com
1xirsp2.com
1xirsp21.com
1xirsp31.com
1xirsp33.com
1xirsp34.com
1xirsp42.com
1xirsp47.com
1xirsp52.com
1xirsp57.com
1xirspqsq.com
1xmazjho.com
1xslot1.com
1xvsports.net
1xworldcup.com
1zerkalox.ru
200419azino777.ru
20072019azino777.ru
200819azino777.ru
2018vulkanbonuscode.ru
2019-vote.com
210319azino777.com
21072019azino777.com
211018azino777.com
220219azino777.ru
22032019azino777.ru
22052019azino777.com
22092019azino777.com
22122018azino777.ru
2260-azinomobile.com
22casino-x.com
23022019azino777.com
230419azino777.com
230719azino777.com
231118azino777.com
237joycasino.com
240219azino777.ru
24122018azino777.com
249joycasino.ru
24slots-win.org
24slots-winners.org
24taa9tzmst.com
24vlk1.ru
24vulkan4.com
250619azino777.ru
250819azino777.ru
25102018azino777.ru
255joycasino.com
257joycasino.ru
26032019azino777.ru
260519azino777.com
260819azino777.ru
266joycasino.com
26ts3av.com
270219azino777.ru
270719azino777.ru
27092019azino777.ru
271118azino777.ru
271218azino777.ru
280119azino777.ru
28022019azino777.ru
280619azino777.ru
28062019azino777.com
285joycasino.com
28ps.cc
28sk.ru
290319azino777.ru
290519azino777.ru
29122018azino777.com
2azartmania.com
2leonbet.ru
2ndflomsk-spravkarf.ru
2ndflsaratov-st.ru
2ndflsochi-bm.ru
2ndfltumen-st.ru
2pobedacasino.com
2rupoker.com
2vulcanmilion.com
2xxzerkalo.ru
30032019azino777.ru
30062019azino777.com
300719azino777.com
300819azino777.ru
30092019azino777.ru
311joycasino.com
325joycasino.com
326joycasino.com
344466.ru
344joycasino.com
348joycasino.com
365adult.net
38e32eltmb.com
3a71q7jt.com
3gp-porno.net
3j4s51pmst.com
3kasino-x.ru
3shans.com
407joycasino.com
4177-777azino.com
445joycasino.com
456joycasino.com
466joycasino.com
472joycasino.com
4788-azinomobile.com
479joycasino.com
486admiral-xxx.com
49ygdv0lmst.com
4blixaea58mb.com
4casinobezdepozita.com
4muzic.net
4vulcanneon.com
501joycasino.com
506joycasino.com
507joycasino.com
511joycasino.com
519-777azino.com
58nwr6igkmmst.com
5azino888.ru
5lb2wxbnmst.com
5vulkan-platinum-24.com
649joycasino.com
659joycasino.com
6711-azinomobile.com
671joycasino.com
683joycasino.com
698joycasino.com
699joycasino.com
69wintop.com
6ddb3yijxqmb.com
6pinupcasinoss.com
6q9pkxidhh.com
6tp1dr6rh9.com
6tuvqxw42a.com
6vus3gjwmst.com
708joycasino.com
711joycasino.com
723joycasino.com
7365.tw
738joycasino.com
73azino-777.ru
740joycasino.com
751joycasino.com
773joycasino.com
777-777-azino-azino.ru
777-avtomati-online1.com
777-avtomati-online8.com
777-azino-azino-777.ru
777-azino777-azino.ru
777-mobi-azino.ru
777-vulcangrand.com
777777-azinoazino.ru
777admiral3.ru
777admiralcasino10.ru
777azinomobile.com
777azzino.ru
777igr1.com
777pobedavlc.com
777vulcancasino10.ru
777vulkan-vip.com
777vulkanplatinum.net
777vupobeda.com
7792-azinomobile.com
77bonanzagame.com
790joycasino.com
795joycasino.com
797joycasino.com
79joycasino.com
79ox5hm9komst.com
7azino777-777.ru
7jis9difmst.com
7op2zuf17smst.com
7wgo6bmst.com
807joycasino.com
819joycasino.com
822joycasino.com
826joycasino.com
830joycasino.com
832joycasino.com
835joycasino.com
83joycasino.com
864joycasino.com
865joycasino.com
888admiral-cazino.com
888admiral-play.com
888faraon.com
888playpoker.ru
8959-azinomobile.com
8torrent.net
8yv2aksdam.com
910casino-x.com
9496-777azino.com
9vulcano.com
a-msg.ru
a2ural.ru
a9u.ru
aazino777.com
accessfonbet-00afb.com
accessfonbet-00c4d.com
accessfonbet-1d19f.com
accessfonbet-47752.com
accessfonbet-4b1d1.com
accessfonbet-706a8.com
accessfonbet-74b9a.com
accessfonbet-788e0.com
accessfonbet-bc07b.com
accessfonbet-d3c2b.com
accessfonbet-dd534.com
accessfonbet-f21d8.com
accessfonbet-f9b38.com
adleon1922.com
adleon2393.com
adleon4048.com
adleon5212.com
adleon5562.com
adleon7771.com
adleon8466.com
adleon98591.com
adleonatlwork.com
adleonbe75.com
adleonbet.ru
adleonbets0711.com
adleonbets1230.com
adleonbets1492.com
adleonbets2094.com
adleonbets2149.com
adleonbets221.com
adleonbets233.com
adleonbets3012.com
adleonbets3192.com
adleonbets3488.com
adleonbets44397.com
adleonbets4697.com
adleonbets4908.com
adleonbets5298.com
adleonbets5543.com
adleonbets5943.com
adleonbets62301.com
adleonbets6271.com
adleonbets63205.com
adleonbets6471.com
adleonbets6788.com
adleonbets731.com
adleonbets9138.com
adleonbetsarev.com
adleonbetsusbet.com
adleonbnbn.com
adleonc7i9tswspt.com
adleoncerpro.com
adleonches.com
adleonfan11tan.com
adleonlbback.com
adleonsam332.com
adleonsamara18.com
adleonscuba.com
adleontermsbet.com
admiral-cazino3.ru
admiral777kazino5.ru
admiral888-casino.su
admiralx-cusino.ru
adtour.ru
aff1026dblinks.com
aff3663dblinks.com
aff4030dblinks.com
aff4680dblinks.com
aff5mbn3db1l1nks4.com
aff5mbn5db1l1nks15.com
aff5mbn5db1l1nks16.com
aff5mbn5db1l1nks20.com
aff8172dblinks.com
aff8281dblinks.com
aff9124dblinks.com
aff9214dblinks.com
afflinksmma.com
affsnbm2db777links.com
ahbets.ru
ajo7mx3omb.com
akz43leo55r.com
alco-24.com
alco-casino.biz
alco-casino.net
alco-casino.su
alco2454.ru
alco54.ru
alcoclub12.ru
alcoexpress33.com
alcoexpress63.com
alcolike1505.com
alcolove8989.com
alconight5251.ru
alcotime46.com
alcotime49.com
alcotown1870.ru
alexyan.ru
alibets.ru
alkanistra.ru
alkodom-66.ru
alkonadom-96.ru
all4blog.ru
allforhorses.ru
alter-dent.ru
altynjournal.ru
amcet.net
amely-studio.ru
amyrose.ru
androidbesplatno.ru
anewmosttraf.com
apartmentsinuae.com
apk-mobile.ru
aplay-kazino2.ru
aplaycasino-win1.ru
apparaty1.com
appvulkan.org
apt4.ru
arek2i23ck.com
argocasino15.com
argocasino17.com
argocasino2.com
argocasino34.com
argokasino.su
artfere.com
arthdcinema.it
artopet.ru
ass-omega.ru
astarte-book.ru
astbaza30.ru
auction-mobiles.ru
auth-register.com
av-onllne.org
avio17.ru
avto-strahovka.net
avtokadri11.ru
avtomati-eldorado.com
avtomati-knizhki.com
avtomationline.ru
avtomatknizhki.com
avtomaty.biz
avtoprava.org
avtoshtorki-yug.ru
axia-audioo.ru
az777topora.ru
azart-info.ru
azart-play-casino.su
azart-portal.net
azartexpert.com
azartmania777.com
azartoved.com
azartplay11.name
azartplayslots.com
azino-mobile.net
azino-three-axes.ru
azino7-77zerkalo.ru
azino777-3-topora.su
azino777-azino888.com
azino777-azino888.net
azino777-cazino.ru
azino777-mobi.su
azino777-mobilnaya.com
azino777-net.ru
azino777-site.org
azino777777-az.ru
azino777casino3.ru
azino777casino4.ru
azino777casino7.ru
azino777kazinoshka9.ru
azino777page.ru
azino777registracia13.ru
azino777registraciyi.ru
azino777winn.ru
azinoazino-777-777.ru
azinocusino.ru
azinotritopora777.ru
azinovulkan.net
azmpp52.com
badjobs.ru
baikal-dayli.ru
balans33.ru
baltplay118.com
baltplay121.com
baltplay126.com
baltplay127.com
baltplay133.com
baltplay142.com
baltplay172.com
baltplay194.com
baltplay196.com
baltplay199.com
baltplay214.com
baltplay232.com
baltplay233.com
baltplay237.com
baltplay25.com
baltplay253.com
baltplay26.com
baltplay287.com
baltplay292.com
baltplay303.com
baltplay315.com
baltplay316.com
baltplay324.com
baltplay326.com
baltplay33.com
baltplay339.com
baltplay364.com
baltplay366.com
baltplay372.com
baltplay377.com
baltplay380.com
baltplay390.com
baltplay416.com
baltplay419.com
baltplay421.com
baltplay423.com
baltplay424.com
baltplay431.com
baltplay452.com
baltplay462.com
baltplay479.com
baltplay48.com
baltplay486.com
baltplay507.com
baltplay536.com
baltplay554.com
baltplay560.com
baltplay569.com
baltplay57.com
baltplay586.com
baltplay598.com
baltplay601.com
baltplay610.com
baltplay63.com
baltplay641.com
baltplay76.com
baltplay81.com
baltplay82.com
baltplay93.com
baltplay97.com
ban-partner.com
baraban-obzor.ru
baronvulcan.com
barrywhite.ru
baskino2.tk
baskinohd.ru
bb5rd12aa74cc.com
bbcadomain.com
bergamo-pizza.ru
besplatno-bez-registracii.net
besplatno-knigi.org
best-cases.su
best-casinoz777.net
best-fon.tk
bestgrand-cazino.com
bestgrandcazino.com
bestlacki.biz
bestmoscow-2ndfls.ru
bestmosttraff.com
bestmts.ru
bestvgcasino.com
bet-boom114.com
bet-cristal1x2.com
bet-lead.ru
bet365wanda.com
betcity-best.ru
betcity-rqpi.tk
betcity-zerkalo-1mlp.ru
betcity-zerkalo-1zif.ru
betcity-zerkalo-7oke.ru
betcity-zerkalo-8oin.ru
betcity-zerkalo-8spg.ru
betcity-zerkalo-9cvm.ru
betcity-zerkalo16.ru
betforluckys.org
betfours.ru
betmostparted.com
betpicturesmost.com
betsbc42.com
betsoftfrank.com
bettfans.ru
bettmir.ru
betwinner-oficial.org
betwinner-sports.azurewebsites.net
betwinner-zerkalo.org
betwinner.cx
betwinner3.ru
betx4347.com
bezdep-casino2019.ru
bezdepa.biz
biakc.ru
biblak591.com
big-bets.ru
bigazart14.com
bigazart21.com
bigazart9.com
bigbettor.ru
bigdbet.ru
bigwinpictures.ru
bingocash24.ru
bk-fonbet114.ru
bk-fonbet163.ru
bk-fonbet40.ru
bk-fonbet53.ru
bk-fonbet70.ru
bk-fonbet74.ru
bk-fonbetn39.ru
bk-fonbetn40.ru
bk-fonbetn41.ru
bk-fonbetn59.ru
bk-fonbets24.ru
bk-fonbets39.ru
bk-fonbets49.ru
bk-fonbets77.ru
bkinfo-leon4.ru
bkleon2.com
bkleonstart1.ru
bkmbetros.com
bkpmzerkalo.ru
bkr1.ru
bkr10.ru
bkr2020.ru
bkr5.ru
bkrleon4.ru
bkrlive3.ru
bkrpro2.ru
bkwinline103.com
bkwinline115.com
bkwinline117.com
bkwinline118.com
bkwinline130.com
bkwinline137.com
bkwinline139.com
bkwinline147.com
bkwinline161.com
bkwinline17.com
bkwinline199.com
bkwinline205.com
bkwinline211.com
bkwinline219.com
bkwinline220.com
bkwinline231.com
bkwinline240.com
bkwinline257.com
bkwinline258.com
bkwinline275.com
bkwinline28.com
bkwinline42.com
bkwinline45.com
bkwinline46.com
bkwinline69.com
blog-o-bitrix.ru
bmxh657q29.com
bn01.ru
bobafilmi.ru
bolnichni178.ru
bolnichnij-list.com
bolnichniy-list.org.ru
bolnichnyi-lust.com
bolnicnye-licty.net
bonitanails.ru
bonus-777-azino777.ru
bonus-leon.su
bonusdep.ru
bonuskazino.su
bonusmem.com
bonustawkazino.ru
bonuztavkazino.com
booi-casino2020.ru
booi3vczfc.com
booigy9yby.com
booikdiw3v.com
booinvw.com
booioav.com
booiw11.com
bookmakermobile.ru
boosttorrent.com
bqbvbpymst.com
bringster.ru
bro24.cc
brydiplomas.com
btcobnal.ru
btct-zerkalo1hry4.ru
btct-zerkalo1rk29.ru
btct-zerkalo1rk30.ru
btct-zerkalo1rk37.ru
btct-zerkalo1rk53.ru
btvrn.ru
buk-kontora1.ru
bukmeker-betwinner.org
bukmeker-melbet.org
bukmeker-zerkalo80.ru
bukmekersk-rus.ru
burancasino1.ru
c0q2pser95mb.com
c5tnn8h8zk.biz
cas-x-game.com
cashierwulkani.com
casibonus.azurewebsites.net
casiinox-gamex.com
casiinox.org
casimoney.su
casinfortune3.com
casino--casino.su
casino-7.org
casino-center1.cc
casino-club-vulkan-games.org
casino-columbus365.ru
casino-drift-official.net
casino-drift.biz
casino-everum.ru
casino-fishka.com
casino-flint-bet.ru
casino-general.ru
casino-info-24.ru
casino-leon-money.ru
casino-lotoru.azurewebsites.net
casino-navigator3.ru
casino-pharaon777.ru
casino-pinup.net
casino-playfortunaooi.com
casino-revizor.org
casino-riobet.net
casino-vawada.com
casino-vlkanis.ru
casino-vuldelyx.ru
casino-vulkan18.com
casino-webmoney.net
casino-x-bar.com
casino-x-slotx-game.com
casino-x1002.com
casino-x1035.com
casino-x1053.com
casino-x1113.com
casino-x1146.com
casino-x1158.com
casino-x1164.com
casino-x1166.com
casino-x1206.com
casino-x1239.com
casino-x149.com
casino-x152.com
casino-x155.com
casino-x169.com
casino-x170.com
casino-x179.com
casino-x183.com
casino-x188.com
casino-x195.com
casino-x209.com
casino-x216.com
casino-x229.com
casino-x235.com
casino-x250.com
casino-x362.com
casino-x384.com
casino-x395.com
casino-x420.com
casino-x421.com
casino-x426.com
casino-x437.com
casino-x463.com
casino-x475.com
casino-x478.com
casino-x490.com
casino-x5.com
casino-x628.com
casino-x661.com
casino-x681.com
casino-x696.com
casino-x705.com
casino-x724.com
casino-x744.com
casino-x75.com
casino-x750.com
casino-x78.com
casino-x787.com
casino-x804.com
casino-x807.com
casino-x811.com
casino-x833.com
casino-x851.com
casino-x853.com
casino-x860.com
casino-x878.com
casino-x890.com
casino-x894.com
casino-x920.com
casino-xa2.ru
casino-zona.ru
casino27.ru
casinoavtomat.su
casinoavtomaty.ru
casinoclub-rating.ru
casinocolumb.ru
casinoleonardo.com
casinoonlaine.com
casinopharaonbet1.ru
casinopharaonbet3.ru
casinopharaononline8.ru
casinoratingonlineru.ru
casinoruonline.ru
casinosfun.ru
casinoslot-v.ru
casinotop-online.org
casinotop2020.ru
casinovulcan2.com
casinovulcangrand.com
casinovulkanfx.com
casinovulkangame.ru
casinovulkanpobeda.com
casinox-club.com
casinox-xx.net
caslno-mr-bit.com
cassino-champion925.ru
cassino-x-official.com
cassinosol2play.ru
casssino1.ru
casx-play-x.com
caz1novulkan.com
cazina-gamex.com
cazino-chempion.com
cazino-grand.net
cazino777s.azurewebsites.net
cazinoadmiral-x.com
cazinopobeda1.com
cazinotropez.com
cedeliben.ru
centr-med-bryansk.ru
centr-med-perm.ru
changan-club.ru
chelyabinskdosug.com
cherez-torrent.ru
chinachaek.ru
chitai-knigi.ru
choosehydra.ru
chudoslot1.com
chudoslot3.com
cinemaplay.ru
city-brends.ru
cloglue.com
club-vulcn.com
clubazartplay.com
clubeldorado.org
clubvulcanrussia.com
cmsservice.ru
coins-cube.ru
coinsgame.su
coliseumbet2.com
columbus-kasino.ru
columbusplay.ru
compromat-ua.net
conceptphones.ru
cpravka-v-tomskeee.ru
csino-x.com
csnredbox.com
cttn.ru
ctzprocp.com
cusino-x.ru
czjo4tjomst.com
d8rz2urgngmst.com
dagzeto.ru
danabible.net
dcajan1n11.com
deluxe-vulkan4.ru
deluxecasinobest.org
dendycasino3.com
denmar36.ru
destfi.ru
dgewjn2ek.com
didmf1oan1mst.com
dimeline.eu
diplom-ats.com
diplom-kupit-krasnoyarsk.com
diplom-kupit1.com
diplom-kupit2.com
diplom-rossiya.com
diplom-v-rossii.net
diploma-v-ekb.com
diplome-v-rostove.com
diplomgroups.com
diplomiuss.com
diplomj-cheboksary.com
diplomlrus.com
diplommuch.com
diploms-24.com
diploms-service.net
diploms-toljatti.com
diplomshik.ru
diplomskupiti.com
diplomsp.ru
diplomtuva.com
diplomu-krim.com
diplomue-ru.com
diplomv-nsk.com
diplomx-v-permi.com
diplomx-v-tule.com
diplomy-ntg.com
djbf123hmc.com
dkkq278da1.com
dnxhvah2ja.com
dokuril.com
dostavkaalkogolya.com
dostavkazk.ru
dostypbk-24.ru
dosug-joshkar-ola.ru
dosug-kurska.ru
dosug-troitska.ru
drami.ru
dropni.su
dsabh1bajs.com
dvpolikom.ru
e1dwin.com
e1dzz.com
e6fcynpa33mst.com
e7sxv9797i.com
ea2ohqdtmxmb.com
eckharttolle.ru
ecross-shop.ru
edicc.eu
edu-map.ru
egocazino.net
ekaterinburgnb.com
eld0rawin.com
eldo-slotz.org
eldo0radcwin.com
eldoclub20.com
eldolucky.org
eldorado-kasinos.com
eldorado-kazinoz.com
eldorado-richness.com
eldoradoz-klub.com
elektro-fokus.ru
elektrooff-four.ru
elephastreat.com
empire-best.ru
emprendeconlorena.com
eraleonbets2.ru
ermci.ru
escortwoman2020.ru
europa-cazino.net
everumcasino34.ru
ewfgkf23k.com
exgambling.su
ezerkalo.ru
fabra48.ru
falgamenga.tk
falsh-docs.ru
fan-tv2.org
fancash.ru
fanserials.cx
fart2015center.ru
fbkinfo.com
fbmetrix-17d3a.com
fbmetrix-5d4a2.com
fbmetrix-6cef8.com
fbmetrix-e49ae.com
fbmetrix-e65f0.com
fbmetrix-e80a0.com
fedia-bot.ru
feokino.ru
filmaghd.ru
filmans.net
filmo4kino.com
filmorezka.org
filmrutor.org
films-on.ru
films-place.net
filmstorrent.ru
financegroup229.ru
financemail425.ru
finanka24.ru
firsthd.ru
fisher-f-r.ru
fk4hdpismb.com
flashmp3.ru
flint-casino-win.ru
fon-bets.com
fon-dostup-cgt44.ru
fon-fonbet15.ru
fon-mirror-ttp64.ru
fon-zerkalo-op12.ru
fonbet-0b365.com
fonbet-0f16a.com
fonbet-15e8d.com
fonbet-19b1a.com
fonbet-1d71d.com
fonbet-1eeb6.com
fonbet-261c5.com
fonbet-262e9.com
fonbet-368c0.com
fonbet-373b8.com
fonbet-38fd9.com
fonbet-4beb7.com
fonbet-56aa7.com
fonbet-60.ru
fonbet-67.ru
fonbet-6e188.com
fonbet-7454a.com
fonbet-76ed4.com
fonbet-7c599.com
fonbet-7e561.com
fonbet-809a9.com
fonbet-81592.com
fonbet-854b5.com
fonbet-87b8b.com
fonbet-8a05a.com
fonbet-94a95.com
fonbet-a128a.com
fonbet-a544f.com
fonbet-a6593.com
fonbet-aafcb.com
fonbet-aed46.com
fonbet-bb237.com
fonbet-bb723.com
fonbet-be24a.com
fonbet-bk16.ru
fonbet-bk31.ru
fonbet-bk43.ru
fonbet-bk54.ru
fonbet-c0bf0.com
fonbet-c7f7a.tk
fonbet-c9cbe.com
fonbet-cb152.com
fonbet-e4cbe.com
fonbet-f3658.com
fonbet-f6c9a.com
fonbet-f7a61.com
fonbet-fbf39.com
fonbet-pc01.ru
fonbet14.com
fonbet18.ru
fonbet2017.com
fonbet42.ru
fonbet43.ru
fonbet88.com
fonbetiks2.ru
fonbetiks6.ru
fonbetonline.tk
fonbets-zerkalo26.ru
fonbets-zerkalo39.ru
fonbets-zerkalo61.ru
fonbets-zerkalo65.ru
footballobzor24.ru
formostpic.com
fortuna-2.ru
fortuna-slots6es.com
forum-ngs.com
fotka42.ru
fotozakaz44.ru
fq4gskh1mst.com
fqib23bvs.com
frank-casino-official.net
frank-casinoz.ru
frank-kasino-online2.com
frankocasino.nl
fraton1.ru
free-internet-casino-game.net
free-rutor.eu
free-rutor.net
freegames-slots.net
freeslotsnodownloads.com
freqlbetsl12.com
fresh-casino-2020.ru
fresh-casio.ru
friendspokerdom.com
fujacraft.ru
furor-casino-new.ru
gambling-king.ru
gamblingking.su
game-1x.com
game-otzivy.com
gameclubvulkan.com
gasthofsonne.it
gaypron.cc
gazovyeschetchiki-s-magnitom.com
gdediploml.com
gdezerkaj.ru
gdztatarina.com
geimqold.com
gfplay.net
gh55gam3ell8.com
globys48medias.com
gmsdeluxe2.com
gmslot9.com
go2cotopaxi.com
go2eggella.com
go2redirect1.com
go2russiavulkan.ru
go2turrialba.com
goal-tv.ru
gofuturiti.com
gold-podkova.com
goldenace.net
goldfishka19.com
goldfishka65.com
goldfishka74.com
goldfishka77.com
goldfishka91.com
goldfishkacasino.net
goldfishki.com
goldikiwb.com
goldwndbt.com
goldyzwlks.com
golistuff.com
gonewdeal50.ru
good-win-casino.ru
goodalco0111.com
goodcasino-x.com
goodcinema.org
goodwin-casinoplay.ru
goodwin-casinov.ru
gosdipz.com
goznaka-diplomsy.com
grand-casino113.com
grand-casino216.com
grandcasinoigrai.com
grandkazino-online.com
gttorrent.ru
guarderobe.ru
gufidom.ru
h3bhrbrzmst.com
h430c0g8uh.com
h7jwd1npmst.com
habarovsk-dosug.net
hd-1080.biz
hd-2020.ru
hd-fox.ru
hdbghe2ma.com
hdbro.net
hdelo45.com
hdkinogid.ru
hdkinoset.ru
hdkinozzor.ru
hdland.ru
hdmovieclub.ru
hdrab.com
hdrei.ru
hdrezka1.cc
hdserialov.net
hdsunduk.net
headsoft.kz
himostpart.com
hiperbet199.com
histerial.com
hizb-turkiye.org
hlrn68xymst.com
hlxy1r3imst.com
hospitechsolutions.com
housecake.ru
hydra-officiai.com
hydra-zerkalo24.com
hydra2017.net
hydra24-zerkalo.com
hydra2dark.biz
hydrabestplase.ru
hydradeepweb.ru
hydraisever.ru
hydramarket.net
hydraproject.org
hydraru3.com
hydraruxzpnew4af-onion.com
hydraruzcxpnew4af.com
hydraruzxpnew4af.st
hydraruzxpnew4af3.com
hydraruzxpnew4afon.com
hydraruzxpnew4afu.com
hydraruzxrpnew4af.com
hydraw2eb.com
hydrawf.com
hyltorrent.ru
hyrdarunewzxp4af.com
hyundaiporter2.ru
hzfilm.ru
icasino0.ru
icazino7777.com
igr77leo5gam.com
igracasinoru.com
igratcasino.biz
igravkazino.com
igroman777.ru
igrovie-avtomaty.azurewebsites.net
igrovieavtomativulkan.net
igrovyeapparati.com
igrovyeavtomati.ru
igrovyeavtomativulkanclub.com
igrovyeavtomaty1x.com
igrovyeavtomatyigratbesplatnoibezregistracii.com
igrovyye-sloty-besplatno.com
igruncom.ru
iiintim-volgograd.com
ijujejazki.com
ikino-hd.ru
ikinogo.net
ikvulkan7.com
imalsagov.ru
imperatorcasinov.ru
individualkistavropolya.com
info-fut.ru
inolit.ru
instreams.ru
internetgamblingdirectory.net
intim-smolensk.ru
intusbet.ru
iphun411.com
ipnoblocklands.com
irleo52oa8.com
island-play1b.com
island-play6b.com
island-playfs6.com
j7axtwhfmst.com
j7sif0c4h4mb.com
jackpot-vipclub3.com
jackpotmoscow.com
jaycasino141.ru
jaycsino141.ru
jco7.org
jimivey.org
jinguno.com
jjjr.ru
jjjt.ru
john-mass.org
johnnybet-ru4.com
jojcasinoru.ru
joocasino12.com
jowoj1jovoj2.com
joycasino-com.com
joycasino-official106.com
joycasino1044.com
joycasino1052.com
joycasino1063.com
joycasino1070.com
joycasino1075.com
joycasino1084.com
joycasino1087.com
joycasino1101.com
joycasino1103.com
joycasino1125.com
joycasino1138.com
joycasino1141.com
joycasino1156.com
joycasino1159.com
joycasino1182.com
joycasino1196.com
joycasino1218.com
joycasino2win.com
joycasino31.com
joycasino872.com
joycasino896.com
joycasino922.com
joykasino.su
justmostparst.com
jyc7.org
k-dastr.ru
kakafilms.ru
kakaosuperfoods.com
kalmenergoservis.ru
kapitanbesdep.com
karman-tv.ru
kasino-slava.ru
kasino-vulcan-online.org
kasino2crazyvegas.com
kasinofrank.ru
kasinovulcanz.com
kazama.ru
kazin04.com
kazino-grand-club.com
kazino-imperator.ru
kazino-vulkan-avtomaty.com
kazinobeti.com
kazinofrank1.ru
kazinoimperator-online.com
kazinoka.net
kazinoredluck.com
kazinoruletka.com
kazinowawata.com
kazinoz.su
kchr-pivzawod.ru
kf-narfu.ru
kg33ko4r7onn.com
khibins.ru
kidsfw.ru
kiilller.ru
kindoom.ru
kingslots1.cc
kingslott.cc
kino-720.biz
kino-drive.ru
kino-gu.ru
kino-max.org
kino-mir.cc
kino-online-hit.com
kino-teatr.tv
kino-top.net
kino-xit.net
kino6ka.net
kinoara.ru
kinoassorti.ru
kinobaron.net
kinobill.com
kinobiz.biz
kinobom.tv
kinobudo.ru
kinocadr.com
kinocrate.ru
kinodata.tv
kinodo.su
kinodohd.ru
kinodub.tv
kinoelita.com
kinogid-hd.net
kinogidonline.ru
kinogo-720.cc
kinogo-720.cx
kinogo-hd720.tk
kinogo-online.ru
kinogo-z720.ru
kinogo4.net
kinogofilm.ru
kinogog.ru
kinogorodok.net
kinohast.com
kinohaur.ru
kinohavka.ru
kinohek.ru
kinohound.ru
kinoio.ru
kinokote.ru
kinokradx.ru
kinokray.com
kinolair.ru
kinoleila.ru
kinolord-hd.ru
kinoloy.com
kinomatrix.net
kinomay.ru
kinomob.net
kinomusor.ru
kinoogr.ru
kinopopka.com
kinoprofi-x.org
kinorom.ru
kinoroomhd.ru
kinosimka-ru.ru
kinosmotrelka.ru
kinostok.org
kinostoryhd.ru
kinotunel.ru
kinovito.net
kinovod131.cc
kinovod135.cc
kinovod150.cc
kinovod160.cc
kinovod168.cc
kinovod171.cc
kinovod75.cc
kinovod90.cc
kinovod94.cc
kinoxlor.ru
kinoxronik.ru
kinozmei.net
kinozoro2.ru
klub-eldo.com
konoply-net.net
korona-kasino.com
kostjumklubzeymer.ru
kpm8a8qqmst.com
kraftfilm.net
kthjjeb2y310.com
ku4ugu66le.com
kultkollege.ru
kupdipl.com
kupit-diplom-vladik.com
kupit-medicinskuyu-spravku.biz
kupit-spravka-cheboksaryy.ru
kupit-spravka-v-arhangelskee.ru
kupit-spravka-v-cherepovce.ru
kupit-spravku-ekaterinburg.org
kupit-spravku-kazan.biz
kupitt-ryazan-medspravki.ru
kvnvideo.ru
kzndosug.ru
la19nd57ing.com
la3d45nle77.com
lab-emp.ru
land5jjjfiillann8.com
landing21843.com
landing22001inks.com
landing26201inks.com
landing6629links.com
landing69861inks.com
landing9123links.com
landing9325links.com
landpicmost.com
landsbet733.com
landsbetnnan.com
landsmylinkssaa4.com
landsnnmcz.com
lashtanov.ru
lbaddress1.net
ldprnn.ru
ledaf24.biz
ledy63.net
leon-4bettor.ru
leon-zerkalo-7zse.ru
leon-zerkalo-9xzh.ru
leon0058.com
leon0192.com
leon0196.com
leon022.com
leon0422.com
leon044.com
leon046.com
leon0546.com
leon0606.com
leon0701.com
leon0711.com
leon0804.com
leon08081.com
leon0969.com
leon1087.com
leon1102.com
leon1178.com
leon1221.com
leon1233.com
leon12961.com
leon1653.com
leon2380.com
leon2623.com
leon3201.com
leon3524.com
leon355.com
leon3832.com
leon3911.com
leon3999.com
leon4046.com
leon4331.com
leon4400.com
leon4445.com
leon44ga7me.com
leon45166.com
leon4538.com
leon45763.com
leon4587.com
leon463.com
leon4631.com
leon4787.com
leon4931.com
leon5018.com
leon5044.com
leon508.com
leon5123.com
leon5161.com
leon53472.com
leon5628.com
leon62444.com
leon6326.com
leon65345.com
leon65987.com
leon6675.com
leon6932.com
leon7385.com
leon7462.com
leon7734.com
leon8043.com
leon80912.com
leon8674.com
leon8cas1n0.com
leon919.com
leon9395.com
leon9732.com
leon9809.com
leon988.com
leonabcvip.com
leonapa.com
leonappsz.com
leonas26lepiif.com
leonbets0321.com
leonbets0900.com
leonbets092.com
leonbets1112.com
leonbets1906.com
leonbets1926.com
leonbets2.su
leonbets3015.com
leonbets3036.com
leonbets3129.com
leonbets3533.com
leonbets4704.com
leonbets4724.com
leonbets5.ru
leonbets5314.com
leonbets5770.com
leonbets7063.com
leonbets7402.com
leonbets7895.com
leonbets8120.com
leonbets8178.com
leonbets8258.com
leonbets9874.com
leonbetsaccess.ru
leonbetsatomp.com
leonbetsbk.ru
leonbetsclss.com
leonbetsdani.com
leonbetsipa.com
leonbetss.com
leonc0qbvnncme.com
leondomainapk.com
leonfastga.com
leonfqehbj79ss.com
leonimaga.com
leonmost.com
leonpp.com
leonqtegkkw6bs.com
leonsettings.com
leonxtl.com
letnewmost.com
letsbukmeker-top.ru
lettrafnow.com
lexgames.ru
lez43eo5k.com
lgga2xjqmb.com
li0zobkfvfmb.com
liga-stavok11.com
liga-stavok17.com
liga-stavok3.com
liga-stavok9.com
ligapm.com.ua
ligastavok-vip.com
ligastavok109.com
ligastavok129.com
ligastavok132.com
ligastavok145.com
ligastavok150.com
ligastavok170.com
ligastavok203.com
ligastavok209.com
ligastavok222.com
ligastavok230.com
ligastavok33.com
ligastavok419.com
ligastavok439.com
ligastavok456.com
ligastavok513.com
ligastavok530.com
ligastavok54.com
ligastavok559.com
ligastavok586.com
ligastavok604.com
ligastavok628.com
ligastavok634.com
ligastavok637.com
ligastavok649.com
ligastavok656.com
ligastavok664.com
ligastavok83.com
ligastavok89.com
ligastavok95.com
lindocine.net
linkospel.ru
linksbobetresmi.com
linobm.com
liveslots-x21.com
liveslots-x65.com
livevbingo14.com
livevbingo5.com
lkalsxk2221.com
loginsb20.com
loginsb73.com
lordfilmstv.ru
lordflmhd.ru
lordsfilms1080.ru
lost-cash.ru
lostfilm-serial.com
lostfilmtv.cc
lostsfilm.ru
loterypobeda8.com
lotogigant.ru
lotoru.eu
lotpharma.ru
lottogames1.biz
lottogames1.net
lovenow-film.ru
lspic.eu
luchshee-casino.com
luckylivecasino.ru
luckyrust.ru
lucsiekazinobonusy.ru
lux74.ru
m-azino-777.ru
m3fndn5l6tmst.com
madnxzalls26.com
magic-tabs.su
magreclama.ru
mandarincas.com
marafonzerkalo8.ru
marathon-online.ru
maritbets.ru
marketstaffter.ru
marmeladjackpot1.com
marswb.com
marvelart.ru
match-bets.ru
match-zerkalo22.ru
matchttv.ru
maximum777vulkan.com
maximumvlk.com
maximumvulkan5.com
mbdou-32.ru
mbectterm.com
mbeotterm.com
mbetforbest.com
mbetforever.com
mbetlucky.com
mbetru8.com
mbetwterm.com
mbewtterm.com
mbudka.ru
med-mos48.ru
med-servise24.ru
media66fiary.com
medicentr-profi.com
medicina-off-group.ru
medicine-diplom.com
medinkurs24.com
medknigki34.ru
medknigkii27.ru
medknizhku-krasnodar.ru
meds-spravka.com
medspravki-ekat.net
medspravki-medknigki-volgograd.ru
medspravki77.com
meed-v.ru
meelbet24.ru
melbet-combo.com
melbet-obzor.com
melbet-official-bk.com
melbet-officials.org
melbet14171.com
melbet17357.com
melbet43289.com
melbet48.com
melbet777.com
melbet86078.com
melodramas.ru
melzerkalo2.ru
micscasino.com
millioncasino.org
millionvlcz.com
minarosalon.ru
mincostar.ru
mirror101.ru
mirror120.ru
mirror123.ru
mirror141.ru
mirror197.ru
mirror2.ru
mirror25.ru
mirror27.ru
mirror29.ru
mirror365.ru
mirror420.ru
mirror5.ru
mirror6.ru
mirror78.ru
mirror9.ru
mishlaev.ru
misterbit-kazino.com
mistervrn.com
mln-casino.ru
mln19.com
mmstcfdre.com
mmstdsawd.com
mmstqqwaz.com
mmstvfg.com
mmstygh.com
mobbiko.ru
mobilnye-kazino.ru
money-deity.ru
monitor2018.ru
moostrpami.com
moostrpamw.com
mordkovich7.ru
moscow-diplomik.com
mosstarbets.com
mostaaqqwh.com
mostaaqqwi.com
mostatr.com
mostauk.com
mostbbj.com
mostbbn.com
mostbet-zerkalo.net
mostbet24.com
mostbetby2.com
mostbetnew.com
mostbetru120.ru
mostbetszerkalo.com
mostbetttc.com
mostbetttmo.com
mostbjc.com
mostbtt.com
mostddc.com
mostdft.com
mostdjz.com
mostdss.com
mostedx.com
mostefd.com
mostegk.com
mostejq.com
mostemj.com
mosteta.com
mostewt.com
mostfartaf.com
mostffq.com
mostfgt.com
mostfnz.com
mostftl.com
mostftx.com
mostfwz.com
mostfxc.com
mostfzz.com
mostgem.com
mostgez.com
mostgnr.com
mostgob.com
mostgrt.com
mostgts.com
mostitk.com
mostjff.com
mostjhz.com
mostjjv.com
mostjkt.com
mostjtg.com
mostkac.com
mostkaqb.com
mostkaqx.com
mostkarlae.com
mostkatqc.com
mostkatqf.com
mostkatqs.com
mostkrr.com
mostktt.com
mostletstraf.com
mostletstrafdf.com
mostltv.com
mostmsk.com
mostmtw.com
mostmvt.com
mostnlx.com
mostnnf.com
mostopf.com
mostopk.com
mostossf.com
mostossi.com
mostossj.com
mostosso.com
mostossx.com
mostpartto.com
mostqez.com
mostqjz.com
mostqpd.com
mostqrt.com
mostrfk.com
mostrkz.com
mostrzt.com
mostsgl.com
mostsrs.com
moststarbets.com
mosttlk.com
mosttob.com
mosttrafgo.com
mosttvm.com
mosttvs.com
mosttxx.com
mostvvs.com
mostvzv.com
mostwdn.com
mostwjt.com
mostwrv.com
mostwrx.com
mostwwx.com
mostwxl.com
mostxcx.com
mostxjx.com
mostzlx.com
mostzqq.com
mostztz.com
mostzww.com
mov-films.ru
moyheet.ru
moytorrent.net
mp3-goo.ru
mp3bie.com
mp3myzuka.org
mp3playerx.ru
mp3si.ru
mr-bit4.ru
mr-bit8.ru
mrbitcasinoonline2.ru
mrbitcasinoz.com
mrbitkazino2.ru
ms5tbtq.com
msdnzxlassa.com
mskuniver.ru
mst9btq.com
mstadm.com
mstb4tq.com
mstb7tq.com
mstb9tq.com
mstbti.com
mstbtq1.com
mstbtq3.com
mstbtqoq.com
mstbtw.com
mstcoa.com
mstcvb.com
mstftf.com
mstfzq.com
mstjaf.com
mstlitt.com
mstlkr.com
mstmlm.com
mstmmc.com
mstmmnhbm.com
mstmtm.com
mstmtq.com
mstpkl.com
mstqtp.com
mstrow.com
msttold.com
msttww.com
mstvbn.com
mstvccxc.com
mstvcf.com
mstzgg.com
mstzjq.com
mstzjr.com
mthbet17.com
mthbet34.com
mthbet5.com
mulp71as84m.com
multtorrent.ru
muqfb360ph.com
mus2.ru
mutantcasinoss.mcdir.ru
muz-oboz.com
mvvzzyzx3imb.com
my-casino.net
myazino3topora.ru
mybetsmostpart.com
myeasyabroad.com
mygeepis.ru
mypobeda4.com
myrusvulcan.com
mytraffmostbet.com
myzmp3.ru
mztop.ru
nadengifart.ru
naemnik2.ru
natali-service.ru
nb-astrakhan.org
nbanapa.com
nbnovokuznetsk.com
nbsmolensk.com
ndr6t4wdmst.com
neonvulkan-casino.com
nerutorik.org
net28.ru
netgamecasino-official.org
new-rutor.org.pl
new-vulkan.ru
niceobnal.com
niitma.ru
njchildvictimsact.org
nncr.ru
nodepbonuc.com
nonerv.ru
nordonl.ru
novinki-kino.net
nowmostpart.com
nowsmostpart.com
nsportprognoz4.ru
nutsbet2.com
nvuti.net.ru
nvuty.ru
nyuuyo4s3kmb.com
o-casino.net
o8uq0o84gx.com
obnal-foro.ru
obrazovanie-krima.com
offcasinovulcan.com
offcasinovulkan.com
officail-frank-casino.net
official-casino-x.com
official-casino-x.net
official-casinos.ru
official-cazino-x.ru
official-drift-casino.org
official-frank-caslno.net
official-fresh-casino.ru
official-kazino.ru
official-site-casino-x.net
official-site-vulkan.net
official-vavada.ru
offvulkan.com
oficial-cazino.ru
oficial-frank-casino.net
oktyabrskiy-dosug.ru
olicash.su
olimp-s1.com
olimpcazino.com
ololo-fm-search.ru
omosttraffic.com
onlid.ru
online-777sloty.com
online-download-slots.net
online-drift-casino.org
online-gokino.com
online-hdfilmi.ru
online-hdfilms.ru
online-vulkan13.cc
online-vulkan14.cc
online-vulkan26.cc
online-zor.ru
onlinecasino-top.net
onlinecasino2.tk
onlinekazino.su
onlines-hdfilms.ru
oooinprom.ru
openleonbets3.ru
oplayfortune.azurewebsites.net
opmostotrafic.com
orcacasino.ru
orenburgdiploms.com
orka88kacino.com
ostrovbet.net
otrok1.ru
p5cezoaonf.com
pan-akva.ru
parent-school.ru
pari-online.ru
parikreutov.ru
parimatch-abc1.com
parimatch-abc4.com
parimatch-abc6.com
parimatch-best7.com
parimatch-betting4.com
parimatch-find6.com
parimatch-go1.com
parimatch-igra1.com
parimatch-igra7.com
parimatch-live10.com
parimatch-live8.com
parimatch-mail10.com
parimatch-mirror7.com
parimatch-official.org
parimatch-pari8.com
parimatch-play8.com
parimatch-profit3.com
parimatch-profit5.com
parimatch-site1.com
parimatch-site3.com
parimatch-super7.com
parimatchabc9.com
parimatchall10.com
parimatchbest7.com
parimatchfind1.com
parimatchgoal3.com
parimatchgoal8.com
parimatchigra6.com
parimatchlive10.com
parimatchpari6.com
parimatchplay4.com
parimatchplus6.com
parimatchplus9.com
parimatchsite3.com
parimatchsuper5.com
parimatchtoday4.com
parimatchworld2.com
paripartners123.com
paripartners133.com
paripartners157.com
paripartners158.com
paripartners162.com
paripartners187.com
paripartners208.com
paripartners213.com
paripartners218.com
paripartners23.com
paripartners31.com
paripartners312.com
paripartners352.com
paripartners391.com
paripartners412.com
paripartners416.com
paripartners42.com
paripartners449.com
paripartners458.com
paripartners461.com
paripartners502.com
paripartners508.com
paripartners538.com
paripartners54.com
paripartners558.com
paripartners563.com
paripartners571.com
paripartners58.com
paripartners61.com
paripartners614.com
paripartners631.com
paripartners645.com
paripartners663.com
paripartners665.com
paripartners678.com
paripartners680.com
paripartners723.com
paripartners74.com
paripartners747.com
paripartners76.com
paripartners761.com
paripartners783.com
paripartners794.com
paripartners797.com
paripartners96.com
paripartners98.com
partmosttraf.com
partn4444rd0main.com
partn6555rd0main.com
partner-ad-net.com
pavelshashlov.ru
paygamervlks.com
pcny9fkfmst.com
pdaplaza.kz
pelevin-books.ru
pelikula-bat-ikusi.ru
perm-cuss.ru
pin-up-official.cc
pin-up-online-casino.org
pin-up-online-info.com
pin-up-pro-kazino.com
pin-up458.com
pin-up712.com
pin-upcasino1.com
pin-upcasino7.com
pinup-casino-2020.ru
pinup-casino.azurewebsites.net
pinup-games-official.ru
pinup-stavka.com
pinup083bet.com
pinup2020.net
planb-tnt-online.ru
planetashop24.biz
platinum-vavada463.ru
play-avtomaty.net
play-drop.ru
play-faraon7.com
play-faraon8.com
play-fortuna-bonus4.ru
play-fortuna-casino-official.com
play-fortunas.azurewebsites.net
play-roulette.ru
play-russian-vulkan.com
playfortuna6.su
playfortunah5.com
playfortunar8.com
playfortunaslots.azurewebsites.net
playfortunasq5.com
playfortunaxxx.azurewebsites.net
playfortune-x.azurewebsites.net
playfortune-z.azurewebsites.net
playgame1x.com
playpobedavlk.com
playvlcneon.com
pm-0545c301.com
pm-3843c826.com
pm-4da80704.com
pm-53e8604b.com
pm-7b3ee41c.com
pm-7b9d59a2.com
pm-81e96447.com
pm-9c989809.com
pm-a2753a71.com
pm-a6e53536.com
pm-acca3bbb.com
pm-c023efea.com
pm-ca2df0b9.com
pm-f9102ab5.com
pmc-prime.com
pnpixl.ru
pobeda34.io
podarki-klass.ru
poker2007.ru
pokerass.ru
pokerdomsofficial.com
pokerleon1.ru
pokerproffi777.ru
pokersell4.ru
pokerstyle.ru
pokurka.com
pornobaba.net
poseidongold.com
potbaileys.com
pozozer.ru
ppppprostitutki-samara.com
pppprostitukidosug.net
pprostitutki-voronega.net
pprostitutkikurska.net
pprostitutkisamary.net
prava9g.ru
pravaq-russ.com
pravasrochno.com
pravavrf.org
pravay-moscow.com
premiums-diplomy.com
prestij-dom.ru
pret777.biz
pribor.biz
prmtch-zerkalo-2hda.ru
prmtch-zerkalo-2poi.ru
prmtch-zerkalo-4bvd.ru
prmtch-zerkalo-9clp.ru
prmtch-zerkalo-9hjp.ru
pro-buk-reviews.ru
pro-bukmekersk-pro.ru
pro-diplome.com
pro-mostbettop-info-pro-pro.ru
procazino.net
prodeplome.com
profmed-saratov.ru
proshell-to.ru
prostitutki-kirov.ru
prostitutki-orsk.ru
prostitutkiabakanaclub.com
prostitutkibelgorodainfo.org
prostitutkibelgorodasite.com
prostitutkichitadate.com
prostitutkichitycity.net
prostitutkichityinfo.net
prostitutkiekaterinburgadosug.net
prostitutkiekaterinburgax.com
prostitutkihabarovskaero.net
prostitutkiivanovoinfo.com
prostitutkikalugisite.org
prostitutkikemerova.ru
prostitutkikemerovogid.net
prostitutkikostromysex.com
prostitutkikurganatop.com
prostitutkikurskainfo.com
prostitutkimagnitogorskagid.com
prostitutkimoskvyxx.com
prostitutkimurmanskaero.net
prostitutkinizhnegonovgorodacity.net
prostitutkinovosibirskainfo.com
prostitutkipenzycool.com
prostitutkipenzymeet.com
prostitutkipetrozavodskaonline.com
prostitutkipyatigorska.com
prostitutkiryazanidosug.net
prostitutkiryazanionline.net
prostitutkiryazanireal.net
prostitutkiryazanixxx.net
prostitutkitambovabid.net
prostitutkitambovatut.com
prostitutkitambovaxxx.org
prostitutkitula.com
prostitutkiulyanovskabuzz.net
prostitutkiulyanovskasexy.com
prostitutkiyakutskadosug.com
prostometod.com
prostreams.ru
pse3zub.org
psoriaz-md.ru
ptpixel.ru
pult-econom.ru
putana-kirova.ru
q3v9wib6f0mst.com
q6377ilqmstru.com
qmpz44j4mst.com
qr2020.ru
qu23hty.com
quv9qzqc17mst.com
qviwer.ru
raisanasaewa.ru
raniv.ru
rap-time.ru
rating-casino-online2.net
rating-casino-onlinex.net
rating-topcasino.su
rcdted5kzsmst.com
realdiplum.com
realgameslots.ru
reb3st22.com
redboxcasino2.ru
redboxcsn.com
redcatcasino2020.net
redstarcasino24.eu
reg-azino777win.com
reiting-online-casino.ru
rejting-kazino.ru
respininfo.ru
respublika-d2.com
rezak.biz
rfg8dsftg43.com
rgfootball.org
ricalivegames.com
rio-gold.ru
riobetcasino1.azurewebsites.net
riobets.su
riobett.su
rivenrmile.ru
rivervip.ru
rl-motors.ru
robinstapleton.com
rokskazino.ru
rollerdrom.net
rondor.ru
roslotcentr.ru
ross-diplom.com
rox-casino17.ru
rox-casino18.ru
roxcasino-97.ru
roxcasino24.ru
roxcasinoplays.ru
royal-loot.com
royalfoxy.net
rrr7rgipbcmst.com
ru-2ndfl.ru
ru-2ndflufa-rb.ru
ru-bk50.ru
ru-fresh.ru
ru-musics.com
ru-vlk.com
ru-vulcancasino.com
ru-vulkancasino1.com
ru-wulkan.com
ruletka-faraon.com
rumyvi.ru
rus-docs.com
rus-torrents.org
rusianvulkan.net
rusparty.org
russianvulcan.su
russvul.ru
rusvlkn.com
rusvulcan1.com
rusvulcan8.com
rusvulkanclub.ru
rutor-is-is.ru
rutor-is-org.tk
rutor-new.tk
rutor-org-is.ru
rutor-then.ru
rutor.biz.pl
rutor.name
rutorok.ru
rutorrr.com
rutracker.com.kz
ruvulkanstavka.ru
ryazan-delux.com
rz8eopqfs7mb.com
rzze.ru
s5apslskmst.com
santoryostyle.ru
sascw6-grgpb.ru
sauna-mag.ru
school1429.ru
school6kuban.ru
sdjnf3jaka.com
seks-porno-video.cc
selectorcasino.su
semensllots.ru
seriak.ru
serialhd.cc
serialitut.ru
serials-tv.net
serialss.ru
serialy2019.ru
servmix.org
sexagolik.net
sexomgn.com
sexytimerarbitrazh.com
shans-cazino.com
shansjackpot3.com
shop-rondell.ru
shortcpgen.com
silmagno9.ru
sim-magazin.com
sirbetno.ru
site-azino777-oficialniy.ru
site-casino-slot-v.net
site-melbet.net
site-vulkan.com
skcrb.ru
skz65.ru
slavacasinos.ru
slot-compare.com
slot-v-casinoonline.com
slot-v-casinos.org
slot-v-cazinos.com
slot-v-top.ru
slot-v.biz
slotosfera.ru
slotum8.com
slotv-vs-gambler.ru
sloty.cc
smlbets.ru
smnf23knc.com
smotret-2017.ru
smotret-filmi.ru
smotret-hd1080.net
smotret-online.net
smotret-online2020.ru
smotri-vse.ru
snb66.ru
so-cili.com
sobyanin-2018.com
sochipedia.su
sol-battery.ru
sol-casino-playy.ru
sol-casino.su
sol-sunny5.ru
solcasino-game1.ru
somemostpart.com
somostpart.com
soonq.ru
sosamba-nsk.ru
speco-kran.ru
spincity-casino-win.ru
spincity-casino2.org
spmmotors.ru
spo67.ru
spoiledangels.ru
sport-24online.ru
sport-match.org
sportingbull1110.com
sportingbull116.com
sportingbull1192.com
sportingbull1248.com
sportingbull1268.com
sportingbull1285.com
sportingbull1299.com
sportingbull1309.com
sportingbull131.com
sportingbull1327.com
sportingbull1331.com
sportingbull1365.com
sportingbull140.com
sportingbull1445.com
sportingbull1466.com
sportingbull1477.com
sportingbull1494.com
sportingbull1496.com
sportingbull1546.com
sportingbull1563.com
sportingbull160.com
sportingbull1640.com
sportingbull1737.com
sportingbull1759.com
sportingbull1814.com
sportingbull1975.com
sportingbullru118.com
sportingbullru470.com
sportingbullru985.com
sportobzor-online.ru
sportsbookmarathonbet.com
sportsxbet1.com
sportumiru.ru
spravka-gai-kemerovo.ru
spravka-gai-kiirov.ru
spravka-gai-samara.ru
spravka-gai-saratov.ru
spravka-gai-tula.ru
spravka-gai-tulaa.ru
spravka-gai-vladimirrr.ru
spravka-medic.ru
spravka-moscow.com
spravka2ndflspb.ru
spravkavip196-ekb.net
spravki-doma.ru
spravkii-ekaterinburgg.ru
spravkij-srochno.com
spravkj-na-zacaz.com
sprawka-msk.com
sqface.ru
sqng98mtmst.com
ssemenslots.ru
ssuperslots.ru
sta4bet.ru
starsgame1.ru
stavkavulkan2.net
stavki-mostbet-topsport.ru
stavki-pin-up.com
stm-psiholog.ru
stomat-avrora.ru
stoppribor.ru
stpbn657.com
stroiudo-yaroslavl.ru
sumcmm.ru
superbe3dep.com
supercat-casino.ru
superior-bezdeps.com
superslots9.com
superzanosy.com
supratrade.cc
surf-cazino.com
svc98.org
sweetlama.ru
sweets24.ru
swleon0701.com
swleon128128.com
swleon1519.com
swleon1760.com
swleon1990.com
swleon2129.com
swleon2342.com
swleon2566.com
swleon3351.com
swleon3583.com
swleon5435.com
swleon7258.com
swleon76923.com
swleon9345.com
swleon988.com
swleonbets091.com
swleonbets9814.com
swleonbets9821.com
swleonbetsinux.com
swleoncharmn.com
swleoncoding.com
swleonipa.com
swleonone.com
swleonwhitte.com
swleonxmas.com
t3xm486no6.com
tbq51uuo.com
tehosmotrr.ru
testnacorona.ru
tfile.su
tfjorc2kfcmst.com
the-music-institute.org
thebestonlinecasino.biz
theclubvulcan.com
tiger-bet25.com
tim-amur.ru
top-muzika.ru
top-online-rating.ru
top-vulcangrand.net
topcasinno.com
topcasino.name
topcasinoforum11.ru
topcasinoforum15.ru
topcouponpatch.com
topdeluxe.org
toptoptopprofit.com
topvulkan333.com
torrent-legend.ru
torrent-les.ru
torrent-most.ru
torrent-movies.net
torrenthd.ru
torrentom.net
torrentorik.com
torrentsget.net
torrxas.ru
torxat.net
tplinkaff776.com
tr5ff5ccesslnk13.com
tr5ff5ccesslnk4.com
tr5ff5ccesslnk6.com
traderking.io
traffaccess5125link.com
traffaccess6792link.com
traffaccess8169link.com
traffaccessblink4.com
traffko.com
trailerok1.ru
trax-tibidox.com
treker24.ru
tri-tabletki.ru
tribogatirya-info.com
trinidadmovies.com
troickiy-xpam.ru
tropzeu.com
truetoniq.ru
trymostrafic.com
tsever.ru
ttr3.net
ttrblog10.com
ttrblog2.com
ttrcasino13.su
tubeplay.ru
tur-tour.com
tut-zerkalo.ru
tutfilm.ru
tve-diplomi.com
tvoeyaico.ru
tvoispravki3.com
tvoymillion.org
tvtorrent.biz
tyrl.ru
u01ckan.com
ucinem.ru
udachya777.ru
ufa-kupit-diploms.com
ugra-media.ru
ullcgo.com
uo11caim.com
uspehfm.ru
v-bassein-spravka.ru
v-hd1080.com
v-platinum1.com
v01ccans.com
v01ccjoy.com
v1kkaim.com
v9lhmzkro1.com
va-bank.su
va-bank1.com
vabanks.net
vacshdipllom.com
vakivus.ru
valedanaw.ru
vavada2.by
vavada25.com
vavada450.com
vavada51.com
vavadabv.com
vavadac87.com
vavadaclub2.ru
vavadafa.com
vavadagt11.com
vavadah11.com
vavadah33.com
vavadahot.ru
vavadakasino11.ru
vavadakasino4.ru
vavadakasinos.com
vavadakl.com
vavadamb23.com
vavadanetent.com
vavadanf12.com
vavadann.com
vavadap40.com
vavadaq3.com
vavadaq77.com
vavadardr.com
vavadart22.com
vavadas11.com
vavadas9.ru
vavadau01.com
vavadavb1.com
vavadawow.com
vavadka.by
vavadla.ru
vavavva.ru
vawego.ru
vbk-runet.com
vcxfknm3ds.com
vdbjhntf12.com
vdnfye3tg4mst.com
vebdisayn.ru
vegacoin.ru
vegas-avtomati14.com
vegas-kazino.com
velkom-setan.ru
vestagreece.ru
vg-kazino777.com
viagrashop24.su
vikeloterin.ru
vilegyrtime.ru
vip-slot.net
vivivivi.ru
vkinoshke.org
vkkanistrespb.net
vkluchitv15.net
vkluchitv24.org
vlckxgamex.com
vlckxmoneymen.com
vlckzxwingold.com
vlcmaximum.com
vlcrungamerz.com
vlcxpaygamers.com
vlkmaximum-slots.com
vlkn-gold.net
vlknslots.tv
vlkpobeda.com
vllcparadise.com
voditelskie-cpravki.com
vodyt-prava.com
volckan.com
volgograd-ula.ru
volkanoslots.com
vostok-holding16.ru
voylkanz.com
vprjackpot5.com
vs-cash.com
vse-bk.ru
vse-bk5.ru
vse-bk6.ru
vse-bk9.ru
vsecasino3.org
vsepropoker3.ru
vsepropoker7.ru
vu1kn-strs.com
vuikanapp.com
vulcan-clubru.com
vulcan-lucky2.com
vulcan-mot.com
vulcan-olimp3.su
vulcan-platinum.biz
vulcan-russia.su
vulcan-stavka-777.net
vulcan-zerkalo.net
vulcan2018.com
vulcan24-kasino.com
vulcan24slot.com
vulcan2go.com
vulcan777-offical.com
vulcaneon.com
vulcangrand-casinos.ru
vulcanmaximum-casino.ru
vulcanmillion5.com
vulcanneoncasino.com
vulcanplatinum-cazino.com
vulcanru-cazino.com
vulcanstavkaonlines.com
vulcanx-casino-777.com
vulcanzerkalo.ru
vulkan-24club.net
vulkan-casino-online5.com
vulkan-club-kasino.com
vulkan-deluxe-casino.name
vulkan-megaslots.ru
vulkan-officialsite.ru
vulkan-platinum-888.ru
vulkan24-ok.com
vulkan777club1.ru
vulkanbestclub.ru
vulkancasino.azurewebsites.net
vulkanclub777.ru
vulkandeluxe-game.com
vulkangame.org
vulkanmegacasino.com
vulkanplatinum-vipclub.com
vulkanplatinumonlines.com
vulkanprestige3.com
vulkanrussia-777-club.com
vulkanrussia24pro.com
vulkanst-online.ru
vulkanstafka.name
vulkanstars-vip.com
vulkanstavkazerkalo10.com
vullkanplatinum.com
vvvulcan.com
vvylcany.com
vy11ckan.com
vyl1ckaim24.com
vyl1kan.com
vyl1kkany.com
vylcaim.com
vylkany-casino.com
vylkjoy.com
vyllcans.com
vyu1ckans.com
vyy1ccans.com
vyylcano.com
vzerkalo.ru
w01canz.com
w1ckfuns.com
w3dota.ru
watch-paradise.su
watchparadise.su
wawada-kasino.com
wbets14.com
wbets16.com
wbets24.com
wbets3.com
wbets46.com
wbets6.com
wbgoldbet.com
wbpebruari.com
wbtmars.com
web-films.ru
web-films.su
wewantyourwork.com
wgrandcasino.com
windbetodds01.com
windbetten.com
windifun.com
windyotsaila.com
winline108.com
winline113.com
winline13.com
winline137.com
winline151.com
winline154.com
winline158.com
winline162.com
winline183.com
winline184.com
winline192.com
winline212.com
winlinebet101.com
winlinebet108.com
winlinebet111.com
winlinebet114.com
winlinebet119.com
winlinebet120.com
winlinebet122.com
winlinebet134.com
winlinebet144.com
winlinebet154.com
winlinebet157.com
winlinebet167.com
winlinebet170.com
winlinebet172.com
winlinebet181.com
winlinebet186.com
winlinebet196.com
winlinebet199.com
winlinebet200.com
winlinebet212.com
winlinebet220.com
winlinebet222.com
winlinebet225.com
winlinebet230.com
winlinebet248.com
winlinebet251.com
winlinebet260.com
winlinebet279.com
winlinebet51.com
winlinebet60.com
winlinebet71.com
winlinebet85.com
winlinebet92.com
winlinebk43.com
winlinebk56.com
winlinebk64.com
winplay-playfortuna254.ru
winplay-rox399.ru
winplay-superslots949.ru
winpoker3.ru
winsgobet.ru
winslots.su
winwishmedia766.com
wizbet.ru
wkino5.net
wlksmillionx.com
wllcan.com
wllccan.com
wllckans.com
wlnbet15.com
wlnbet17.com
wlnbet20.com
wlnbet38.com
wo1lkkaim.com
wowcirle.com
wp1l7iqv54.com
wu0llkanz.com
wulgrandcasino.com
wulkangrandkazino.com
wuollkanz.com
wyl1kany.com
wyllccany.com
wyu11ckanz.com
wyulckans.com
wyy1ckano24.com
x-casino2.ru
x-kazinos.com
x-moneymanvlk.com
x-moneymenvlk.com
x-moneymenvlkz.com
x1000k.com
xadmiral-casino.com
xatab-torrents.com
xcasin0.com
xcasino8.com
xdosug-kolomna.ru
xgame-casinox.com
xgolduwinzwlks.com
xn----7sbabodjveb1aj7cddpr8e2i.xn--p1ai
xn----stbekgtf7ec.xn--p1ai
xn--2012-94dlbgrj2cu9g.xn--p1ai
xn--80aaftfjehqeg5d.su
xn--80aecgac8bjefgzjghb.xn--p1ai
xn--80aff7b.xn--p1ai
xn--k1aghg9b.com.ua
xooponopono.ru
xs1c4onbfomst.com
xvideos.org.ua
xvwsmzfbev.com
xw15aihrmst.com
xwi1frgrj2.com
y7hv6khemst.com
y9jr7sy1v9mb.com
yakushev-kostyum.ru
yandexmetrics.ru
yhal009.com
yjdgwq8zmb.com
youplayvazartplay.com
yourussian.net
z600lrdxmst.com
z8hco5wsmst.com
zakurimtut.com
zanosfm.ru
zcgfovakmst.com
zenit-sport.com
zenitnow108.com
zenitnow140.com
zenitnow169.com
zenitnow175.com
zenitnow39.com
zenitnow46.com
zerkalo-betwinner.ru
zerkalo-bk-bet13.ru
zerkalo-bk-bet21.ru
zerkalo-bk12.ru
zerkalo-fonbet151.ru
zerkalo-fonbet164.ru
zerkalo-fonbet170.ru
zerkalo-fonbet174.ru
zerkalo-fonbet180.ru
zerkalo-fonbet183.ru
zerkalo-fonbet188.ru
zerkalo-hydra-onion.com
zerkalo-imperator.com
zerkalo-match83.ru
zerkalo1100.ru
zerkalo43.ru
zerkalo47.ru
zerkalobet136.ru
zerkalovulkanov.net
zerkjob.ru
zigzag777.biz
zlofilm.com
zoloto-avtomat.com
zonavideo.org
zonecasinos.ru
zorro-film.ru
zvuktorr.ru
zzzerkalo.net
