15-fonbet.ru
16-fonbet.ru
17-fonbet.ru
18-fonbet.ru
19-fonbet.ru
1x-sport-bk7.com
5torrent.net
720kinogo.net
8torrent.net
94dakika.com
alco-nedorogospb.ru
apteka-neboley.ru
aptekakavkaza.ru
b3std1p.ru
baskinofilm.ru
bkr01.ru
bkr02.ru
bkr03.ru
bkr04.ru
bkr05.ru
bkr06.ru
bkr07.ru
bkr08.ru
bkr09.ru
bkr10.ru
bukanova-alla.com
bukmekerskaya353.ru
bukmekerskaya560.ru
bukmekerskaya770.ru
bukmekerskaya779.ru
casitop.ru
cdn-x.ru
eezx.ru
flyingmail.eu
gold-plitka.ru
imagx.ru
kinobomz.tv
kinofestival.net
kinogo-film.ru
kinogo-hdonline.net
kinogo-online.tv
kinogohd1080.net
kinogotv.ru
kinokrada-net.ru
kinoprofi2.net
kupibezrecepta.ru
medspravku-saratov.ru
miraxanet.com
mixbukmeker230.ru
mixbukmeker439.ru
mixbukmeker491.ru
mixbukmeker599.ru
mixbukmeker732.ru
new-rutor.tk
novayawebapteka.ru
orutor.tk
prostitutki-p.com
rabota77wow.ru
rabota7wow.ru
rd2l.tk
rutor2.eu
serialhit.tv
sibirdosug.su
stavkibk891.ru
voffline.net
zdravwebapteka.ru
zerkalo-bk097.ru
zerkalo-bk123.ru
zerkalo-bk124.ru
zerkalo-bk128.ru
zerkalo-bk324.ru
zerkalo-bk336.ru
zerkalo-bk456.ru
zerkalo-bk632.ru
zerkalo-bk635.ru
zerkalo-bk646.ru
zerkalo-bk654.ru
zerkalo-bk754.ru
zerkalo-bk857.ru
zerkalo-bk955.ru
zerkalo-bk998.ru
zerkalo-rutor.su
zerkalobk190.ru
zerkalobk581.ru
zerkalobk705.ru
zerkalobk924.ru
zerkalodostup.ru
zerkalodostup18.ru
zerkalodostup67.ru
zerkalodostup94.ru
zerkalositebk183.ru
zerkalositebk324.ru
zerkalositebk417.ru
zerkalositebk719.ru
zerkalositebk986.ru
